[INFO] Scanning for projects...
[INFO] 
[INFO] -------------------< com.campus:campus-recruitment >--------------------
[INFO] Building campus-recruitment 1.0.0
[INFO]   from pom.xml
[INFO] --------------------------------[ jar ]---------------------------------
[INFO] 
[INFO] --- resources:3.3.1:resources (default-resources) @ campus-recruitment ---
[INFO] Copying 1 resource from src\main\resources to target\classes
[INFO] Copying 1 resource from src\main\resources to target\classes
[INFO] 
[INFO] --- compiler:3.13.0:compile (default-compile) @ campus-recruitment ---
[INFO] Nothing to compile - all classes are up to date.
[INFO] 
[INFO] --- resources:3.3.1:testResources (default-testResources) @ campus-recruitment ---
[INFO] skip non existing resourceDirectory C:\Users\14684\WorkBuddy\20260316183546\backend\src\test\resources
[INFO] 
[INFO] --- compiler:3.13.0:testCompile (default-testCompile) @ campus-recruitment ---
[INFO] No sources to compile
[INFO] 
[INFO] --- surefire:3.5.2:test (default-test) @ campus-recruitment ---
[INFO] Tests are skipped.
[INFO] 
[INFO] --- jar:3.4.2:jar (default-jar) @ campus-recruitment ---
[INFO] Building jar: C:\Users\14684\WorkBuddy\20260316183546\backend\target\campus-recruitment-1.0.0.jar
[INFO] 
[INFO] --- spring-boot:3.4.3:repackage (repackage) @ campus-recruitment ---
[INFO] Replacing main artifact C:\Users\14684\WorkBuddy\20260316183546\backend\target\campus-recruitment-1.0.0.jar with repackaged archive, adding nested dependencies in BOOT-INF/.
[INFO] The original artifact has been renamed to C:\Users\14684\WorkBuddy\20260316183546\backend\target\campus-recruitment-1.0.0.jar.original
[INFO] ------------------------------------------------------------------------
[INFO] BUILD SUCCESS
[INFO] ------------------------------------------------------------------------
[INFO] Total time:  03:43 min
[INFO] Finished at: 2026-03-16T23:47:39+08:00
[INFO] ------------------------------------------------------------------------
