[INFO] Scanning for projects...
[INFO] 
[INFO] -------------------< com.campus:campus-recruitment >--------------------
[INFO] Building campus-recruitment 1.0.0
[INFO]   from pom.xml
[INFO] --------------------------------[ jar ]---------------------------------
[INFO] 
[INFO] --- clean:3.4.1:clean (default-clean) @ campus-recruitment ---
[INFO] Deleting d:\xt\Recruit\backend\target
[INFO] 
[INFO] --- resources:3.3.1:resources (default-resources) @ campus-recruitment ---
[INFO] Copying 1 resource from src\main\resources to target\classes
[INFO] Copying 2 resources from src\main\resources to target\classes
[INFO] 
[INFO] --- compiler:3.14.0:compile (default-compile) @ campus-recruitment ---
[INFO] Recompiling the module because of changed source code.
[INFO] Compiling 58 source files with javac [debug parameters release 21] to target\classes
WARNING: A terminally deprecated method in sun.misc.Unsafe has been called
WARNING: sun.misc.Unsafe::objectFieldOffset has been called by lombok.permit.Permit
WARNING: Please consider reporting this to the maintainers of class lombok.permit.Permit
WARNING: sun.misc.Unsafe::objectFieldOffset will be removed in a future release
[INFO] ------------------------------------------------------------------------
[INFO] BUILD SUCCESS
[INFO] ------------------------------------------------------------------------
[INFO] Total time:  6.414 s
[INFO] Finished at: 2026-04-16T16:31:53+08:00
[INFO] ------------------------------------------------------------------------
